---
source: crates/papyrus_storage/src/serialization/serializers_test.rs
expression: encoded_hint
---
- 0
- 0
- 0
- 0
- 0
- 0
- 0
- 38
- 1
- 13
- 0
- 0
- 2
- 2
- 65
- 0
- 0
- 0
- 248
- 255
- 0
- 0
- 0

