---
source: crates/papyrus_storage/src/serialization/serializers_test.rs
expression: encoded_hint
---
- 0
- 0
- 0
- 0
- 0
- 0
- 7
- 148
- 1
- 42
- 0
- 0
- 9
- 0
- 0
- 3
- 0
- 2
- 137
- 0
- 0
- 0
- 0
- 0
- 0
- 0
- 0
- 17
- 2
- 144
- 255
- 255
- 255
- 255
- 255
- 255
- 255
- 255
- 255
- 255
- 255
- 255
- 255
- 255
- 255
- 255
- 0
- 254
- 255
- 0
- 255
- 255

