---
source: crates/papyrus_storage/src/serialization/serializers_test.rs
expression: encoded_hint
---
- 0
- 0
- 0
- 0
- 0
- 0
- 17
- 83
- 1
- 10
- 1
- 0
- 3
- 0
- 1
- 249
- 255
- 1
- 129
- 7

