---
source: crates/papyrus_storage/src/serialization/serializers_test.rs
expression: encoded_hint
---
- 0
- 0
- 0
- 0
- 0
- 0
- 2
- 221
- 1
- 6
- 0
- 0
- 0
- 0
- 0
- 0

