---
source: crates/papyrus_storage/src/serialization/serializers_test.rs
expression: encoded_hint
---
- 0
- 0
- 0
- 0
- 0
- 0
- 7
- 158
- 1
- 49
- 0
- 0
- 9
- 0
- 0
- 254
- 255
- 2
- 144
- 0
- 0
- 0
- 0
- 0
- 0
- 0
- 0
- 0
- 0
- 0
- 0
- 0
- 0
- 0
- 8
- 2
- 144
- 255
- 255
- 255
- 255
- 255
- 255
- 255
- 255
- 255
- 255
- 255
- 255
- 255
- 255
- 255
- 255
- 0
- 255
- 255
- 0
- 0
- 0

