---
source: crates/papyrus_storage/src/serialization/serializers_test.rs
expression: encoded_hint
---
- 0
- 0
- 0
- 0
- 0
- 0
- 0
- 222
- 1
- 14
- 0
- 0
- 2
- 2
- 130
- 134
- 36
- 0
- 1
- 250
- 255
- 0
- 0
- 0

