---
source: crates/papyrus_storage/src/serialization/serializers_test.rs
expression: encoded_hint
---
- 0
- 0
- 0
- 0
- 0
- 0
- 2
- 237
- 1
- 15
- 0
- 0
- 2
- 2
- 131
- 42
- 191
- 2
- 0
- 1
- 250
- 255
- 0
- 0
- 0

