---
source: crates/papyrus_storage/src/serialization/serializers_test.rs
expression: encoded_hint
---
- 0
- 0
- 0
- 0
- 0
- 0
- 3
- 206
- 1
- 14
- 0
- 0
- 2
- 0
- 0
- 255
- 255
- 0
- 0
- 132
- 255
- 0
- 0
- 0

