---
source: crates/papyrus_storage/src/serialization/serializers_test.rs
expression: encoded_hint
---
- 0
- 0
- 0
- 0
- 0
- 0
- 15
- 244
- 1
- 44
- 0
- 0
- 1
- 0
- 0
- 255
- 255
- 2
- 160
- 0
- 255
- 255
- 255
- 255
- 255
- 255
- 255
- 255
- 255
- 255
- 255
- 255
- 255
- 255
- 255
- 255
- 255
- 255
- 255
- 255
- 255
- 255
- 255
- 255
- 255
- 255
- 255
- 255
- 255
- 255
- 7
- 0
- 5
- 0

