---
source: crates/papyrus_storage/src/serializers_test.rs
expression: encoded_hint
---
- 0
- 0
- 0
- 0
- 0
- 0
- 5
- 105
- 1
- 6
- 0
- 0
- 0
- 0
- 0
- 0

