---
source: crates/papyrus_storage/src/serializers_test.rs
expression: encoded_hint
---
- 0
- 0
- 0
- 0
- 0
- 0
- 14
- 238
- 1
- 6
- 0
- 0
- 0
- 0
- 0
- 0

