---
source: crates/papyrus_storage/src/serializers_test.rs
expression: encoded_hint
---
- 0
- 0
- 0
- 0
- 0
- 0
- 15
- 100
- 1
- 6
- 1
- 0
- 0
- 0
- 253
- 255

