---
source: crates/papyrus_gateway/src/gateway_test.rs
expression: dumped_default_gateway
---
{
  "chain_id": {
    "description": "The chain to follow. For more details see https://docs.starknet.io/documentation/architecture_and_concepts/Blocks/transactions/#chain-id.",
    "value": "SN_MAIN"
  },
  "max_events_chunk_size": {
    "description": "Maximum chunk size supported by the node in get_events requests.",
    "value": {
      "$serde_json::private::Number": "1000"
    }
  },
  "max_events_keys": {
    "description": "Maximum number of keys supported by the node in get_events requests.",
    "value": {
      "$serde_json::private::Number": "100"
    }
  },
  "server_address": {
    "description": "IP:PORT of the node`s JSON-RPC server.",
    "value": "0.0.0.0:8080"
  }
}
